// Jest Snapshot v1, https://goo.gl/fbAQLP

exports[`Snapshot test for the "TabNavigationItem" component renders correctly 1`] = `
<View
  accessibilityState={
    Object {
      "busy": undefined,
      "checked": undefined,
      "disabled": undefined,
      "expanded": undefined,
      "selected": undefined,
    }
  }
  accessibilityValue={
    Object {
      "max": undefined,
      "min": undefined,
      "now": undefined,
      "text": undefined,
    }
  }
  accessible={true}
  collapsable={false}
  focusable={true}
  onBlur={[Function]}
  onClick={[Function]}
  onFocus={[Function]}
  onResponderGrant={[Function]}
  onResponderMove={[Function]}
  onResponderRelease={[Function]}
  onResponderTerminate={[Function]}
  onResponderTerminationRequest={[Function]}
  onStartShouldSetResponder={[Function]}
  style={
    Array [
      Object {
        "alignItems": "center",
        "height": "100%",
        "justifyContent": "center",
        "minHeight": 44,
        "minWidth": 44,
        "width": "12%",
      },
      Object {
        "paddingBottom": 0,
      },
    ]
  }
>
  <View
    style={
      Object {
        "position": "relative",
      }
    }
  >
    <View />
  </View>
  <View
    style={
      Array [
        Object {
          "backgroundColor": "#ffffff",
          "borderRadius": 3,
          "height": 6,
          "marginTop": 8,
          "width": 6,
        },
        undefined,
      ]
    }
  />
</View>
`;
