// Jest Snapshot v1, https://goo.gl/fbAQLP

exports[`Snapshot test for the "UIBalloon" component renders correctly 1`] = `
<View
  style={
    [
      {
        "borderRadius": 12,
        "borderWidth": 0.5,
        "padding": 12,
      },
      {
        "backgroundColor": "#e0effb",
        "borderColor": "#84bff1",
      },
      undefined,
    ]
  }
>
  <Text
    style={
      [
        [
          {
            "color": "#000000",
            "fontSize": 14,
            "fontWeight": "200",
          },
          [
            {
              "fontWeight": "400",
            },
            {
              "color": "#6a6767",
            },
          ],
        ],
        {
          "marginBottom": 8,
          "marginTop": 8,
          "paddingBottom": 6,
          "paddingTop": 6,
        },
        undefined,
        undefined,
        undefined,
      ]
    }
  >
    Some text here
  </Text>
</View>
`;
