// Jest Snapshot v1, https://goo.gl/fbAQLP

exports[`Snapshot test for the "UIContainer" component renders correctly 1`] = `
<View
  style={
    [
      {
        "width": "75%",
      },
      undefined,
      undefined,
    ]
  }
>
  Some text here
</View>
`;
