// Jest Snapshot v1, https://goo.gl/fbAQLP

exports[`Snapshot test for the "UIDropdown" component renders correctly 1`] = `
<View
  style={
    Array [
      Object {
        "flexDirection": "row",
        "marginBottom": 6,
        "marginTop": 6,
      },
      undefined,
    ]
  }
>
  <Menu
    onSelect={[Function]}
    renderer={[Function]}
  >
    <MenuTrigger
      customStyles={
        Object {
          "TriggerTouchableComponent": Object {
            "$$typeof": Symbol(react.memo),
            "compare": null,
            "type": Object {
              "$$typeof": Symbol(react.forward_ref),
              "render": [Function],
            },
          },
        }
      }
    >
      <View
        style={
          Object {
            "alignItems": "center",
            "backgroundColor": "#ffffff",
            "borderRadius": 20,
            "flexDirection": "row",
            "justifyContent": "space-between",
            "padding": 12,
          }
        }
      >
        <Text
          style={
            Object {
              "color": "#39a4f2",
              "fontWeight": "700",
            }
          }
        >
          All
        </Text>
        <SvgMock
          height={12}
          style={
            Object {
              "transform": Array [
                Object {
                  "rotateZ": "90deg",
                },
              ],
            }
          }
          width={12}
        />
      </View>
    </MenuTrigger>
    <MenuOptions
      customStyles={
        Object {
          "optionsContainer": Object {
            "backgroundColor": "#ffffff",
            "borderColor": "#c4c4c4",
            "borderRadius": 6,
            "borderWidth": 0.5,
            "padding": 10,
            "shadowOffset": Object {
              "height": 0,
              "width": 0,
            },
            "shadowRadius": 0,
          },
        }
      }
    >
      <MenuOption
        customStyles={
          Object {
            "optionWrapper": Object {
              "paddingBottom": 10,
              "paddingRight": 64,
              "paddingTop": 10,
            },
          }
        }
        onSelect={[Function]}
        value="all"
      >
        <Text
          style={
            Array [
              Object {
                "color": "#6a6767",
                "fontWeight": "400",
                "padding": 2,
              },
              Object {
                "color": "#39a4f2",
              },
              undefined,
            ]
          }
        >
          All
        </Text>
      </MenuOption>
      <MenuOption
        customStyles={
          Object {
            "optionWrapper": Object {
              "paddingBottom": 10,
              "paddingRight": 64,
              "paddingTop": 10,
            },
          }
        }
        onSelect={[Function]}
        value="read"
      >
        <Text
          style={
            Array [
              Object {
                "color": "#6a6767",
                "fontWeight": "400",
                "padding": 2,
              },
              undefined,
              undefined,
            ]
          }
        >
          Read
        </Text>
      </MenuOption>
      <MenuOption
        customStyles={
          Object {
            "optionWrapper": Object {
              "paddingBottom": 10,
              "paddingRight": 64,
              "paddingTop": 10,
            },
          }
        }
        onSelect={[Function]}
        value="unread"
      >
        <Text
          style={
            Array [
              Object {
                "color": "#6a6767",
                "fontWeight": "400",
                "padding": 2,
              },
              undefined,
              undefined,
            ]
          }
        >
          Unread
        </Text>
      </MenuOption>
    </MenuOptions>
  </Menu>
</View>
`;
