// Jest Snapshot v1, https://goo.gl/fbAQLP

exports[`Snapshot test for the "UIHeader" component renders correctly 1`] = `
<Text
  style={
    Array [
      Object {
        "color": "#000000",
        "fontSize": 25.22845458984375,
        "fontWeight": "700",
        "marginBottom": 2,
        "marginTop": 2,
        "paddingBottom": 2,
        "paddingTop": 2,
      },
      undefined,
      undefined,
      undefined,
    ]
  }
>
  Some text here
</Text>
`;
