// Jest Snapshot v1, https://goo.gl/fbAQLP

exports[`Snapshot test for the "UIImagePlaceholder" component renders correctly 1`] = `
<View
  style={
    Object {
      "flexDirection": "row",
      "flexWrap": "wrap",
      "justifyContent": "space-between",
    }
  }
>
  <View
    accessibilityState={
      Object {
        "busy": undefined,
        "checked": undefined,
        "disabled": undefined,
        "expanded": undefined,
        "selected": undefined,
      }
    }
    accessibilityValue={
      Object {
        "max": undefined,
        "min": undefined,
        "now": undefined,
        "text": undefined,
      }
    }
    accessible={true}
    collapsable={false}
    focusable={true}
    onBlur={[Function]}
    onClick={[Function]}
    onFocus={[Function]}
    onResponderGrant={[Function]}
    onResponderMove={[Function]}
    onResponderRelease={[Function]}
    onResponderTerminate={[Function]}
    onResponderTerminationRequest={[Function]}
    onStartShouldSetResponder={[Function]}
  >
    <View
      style={
        Array [
          Array [
            Object {
              "aspectRatio": 1,
              "borderColor": "#e5e5e5",
              "borderRadius": 10,
              "borderWidth": 2,
              "height": 157.5,
              "marginBottom": 3.75,
              "marginTop": 3.75,
            },
            Object {
              "alignItems": "center",
              "justifyContent": "center",
            },
          ],
          Object {
            "backgroundColor": "#39a4f2",
          },
        ]
      }
    >
      <SvgMock
        fill="#ffffff"
        height={32}
        style={
          Object {
            "height": 32,
            "margin": 8,
            "tintColor": "#ffffff",
            "width": 36,
          }
        }
        width={36}
      />
      <Text
        style={
          Object {
            "color": "#ffffff",
            "fontSize": 9.832647462277093,
            "fontWeight": "700",
          }
        }
      >
        Add photo
      </Text>
    </View>
  </View>
  <View
    style={
      Array [
        Object {
          "aspectRatio": 1,
          "borderColor": "#e5e5e5",
          "borderRadius": 10,
          "borderWidth": 2,
          "height": 157.5,
          "marginBottom": 3.75,
          "marginTop": 3.75,
        },
        Object {
          "alignItems": "center",
          "justifyContent": "center",
        },
      ]
    }
  />
  <View
    style={
      Array [
        Object {
          "aspectRatio": 1,
          "borderColor": "#e5e5e5",
          "borderRadius": 10,
          "borderWidth": 2,
          "height": 157.5,
          "marginBottom": 3.75,
          "marginTop": 3.75,
        },
        Object {
          "alignItems": "center",
          "justifyContent": "center",
        },
      ]
    }
  />
  <View
    style={
      Array [
        Object {
          "aspectRatio": 1,
          "borderColor": "#e5e5e5",
          "borderRadius": 10,
          "borderWidth": 2,
          "height": 157.5,
          "marginBottom": 3.75,
          "marginTop": 3.75,
        },
        Object {
          "alignItems": "center",
          "justifyContent": "center",
        },
      ]
    }
  />
  <View
    style={
      Array [
        Object {
          "aspectRatio": 1,
          "borderColor": "#e5e5e5",
          "borderRadius": 10,
          "borderWidth": 2,
          "height": 157.5,
          "marginBottom": 3.75,
          "marginTop": 3.75,
        },
        Object {
          "alignItems": "center",
          "justifyContent": "center",
        },
      ]
    }
  />
  <View
    style={
      Array [
        Object {
          "aspectRatio": 1,
          "borderColor": "#e5e5e5",
          "borderRadius": 10,
          "borderWidth": 2,
          "height": 157.5,
          "marginBottom": 3.75,
          "marginTop": 3.75,
        },
        Object {
          "alignItems": "center",
          "justifyContent": "center",
        },
      ]
    }
  />
  <View
    style={
      Array [
        Object {
          "aspectRatio": 1,
          "borderColor": "#e5e5e5",
          "borderRadius": 10,
          "borderWidth": 2,
          "height": 157.5,
          "marginBottom": 3.75,
          "marginTop": 3.75,
        },
        Object {
          "alignItems": "center",
          "justifyContent": "center",
        },
      ]
    }
  />
  <View
    style={
      Array [
        Object {
          "aspectRatio": 1,
          "borderColor": "#e5e5e5",
          "borderRadius": 10,
          "borderWidth": 2,
          "height": 157.5,
          "marginBottom": 3.75,
          "marginTop": 3.75,
        },
        Object {
          "alignItems": "center",
          "justifyContent": "center",
        },
      ]
    }
  />
</View>
`;
