// Jest Snapshot v1, https://goo.gl/fbAQLP

exports[`Snapshot test for the "UILoader" component renders correctly when active 1`] = `
<View
  style={
    Array [
      Object {
        "alignItems": "center",
        "alignSelf": "center",
        "backgroundColor": "#eff1f3",
        "flex": 0,
        "height": "100%",
        "justifyContent": "center",
        "minWidth": "100%",
        "opacity": 1,
        "position": "absolute",
        "top": 0,
        "width": 750,
        "zIndex": 1,
      },
      undefined,
      undefined,
    ]
  }
>
  <ActivityIndicator
    animating={true}
    color="#39a4f2"
  />
</View>
`;
