// Jest Snapshot v1, https://goo.gl/fbAQLP

exports[`Snapshot test for the "UIPasswordInput" component renders correctly 1`] = `
<View
  style={
    Array [
      Object {
        "alignItems": "center",
        "borderBottomColor": "#c4c4c4",
        "borderBottomWidth": 2,
        "flexDirection": "row",
        "justifyContent": "center",
        "marginBottom": 10,
        "marginTop": 10,
        "width": "100%",
      },
      Object {
        "borderBottomColor": "#c4c4c4",
      },
    ]
  }
>
  <TextInput
    allowFontScaling={true}
    onBlur={[Function]}
    onFocus={[Function]}
    placeholder="Some text here"
    placeholderTextColor="#c4c4c4"
    rejectResponderTermination={true}
    secureTextEntry={true}
    style={
      Array [
        Array [
          Object {
            "borderBottomWidth": 2,
            "color": "#000000",
            "fontSize": 19.93359375,
            "fontWeight": "700",
            "height": 60,
            "marginBottom": 10,
            "marginTop": 10,
            "width": "100%",
          },
          Object {
            "borderBottomColor": "#c4c4c4",
          },
        ],
        Object {
          "borderBottomWidth": 0,
          "flex": 1,
          "marginBottom": 0,
          "marginTop": 0,
        },
      ]
    }
    underlineColorAndroid="transparent"
  />
  <View
    accessible={true}
    collapsable={false}
    focusable={true}
    onBlur={[Function]}
    onClick={[Function]}
    onFocus={[Function]}
    onResponderGrant={[Function]}
    onResponderMove={[Function]}
    onResponderRelease={[Function]}
    onResponderTerminate={[Function]}
    onResponderTerminationRequest={[Function]}
    onStartShouldSetResponder={[Function]}
  >
    <SvgMock
      fill="#6a6767"
      height={15}
      width={24}
    />
  </View>
</View>
`;
