// Jest Snapshot v1, https://goo.gl/fbAQLP

exports[`Snapshot test for the "UIPrompt" component renders correctly 1`] = `<View />`;
