// Jest Snapshot v1, https://goo.gl/fbAQLP

exports[`Snapshot test for the "UISearch" component renders correctly 1`] = `
<View
  style={
    Array [
      Object {
        "position": "relative",
      },
      undefined,
    ]
  }
>
  <TextInput
    autoCapitalize="none"
    enablesReturnKeyAutomatically={true}
    onChangeText={[Function]}
    onSubmitEditing={[Function]}
    placeholder="Search"
    placeholderTextColor="#c4c4c4"
    returnKeyType="search"
    style={
      Array [
        Object {
          "backgroundColor": "#ffffff",
          "borderRadius": 24,
          "minHeight": 44,
          "padding": 8,
          "paddingLeft": 24,
        },
        undefined,
      ]
    }
    value=""
  />
</View>
`;
