// Jest Snapshot v1, https://goo.gl/fbAQLP

exports[`Snapshot test for the "UISelect" component renders correctly 1`] = `
<View
  style={
    Object {
      "borderWidth": 0,
      "width": "100%",
    }
  }
>
  <View
    accessible={true}
    collapsable={false}
    focusable={true}
    onBlur={[Function]}
    onClick={[Function]}
    onFocus={[Function]}
    onResponderGrant={[Function]}
    onResponderMove={[Function]}
    onResponderRelease={[Function]}
    onResponderTerminate={[Function]}
    onResponderTerminationRequest={[Function]}
    onStartShouldSetResponder={[Function]}
    onTouchStart={[Function]}
  >
    <TextInput
      active={false}
      editable={false}
      onBlur={[Function]}
      onFocus={[Function]}
      placeholder="Some text here"
      placeholderTextColor="#c4c4c4"
      style={
        Array [
          Array [
            Object {
              "borderBottomWidth": 2,
              "color": "#000000",
              "fontSize": 19.93359375,
              "fontWeight": "700",
              "height": 60,
              "marginBottom": 10,
              "marginTop": 10,
              "width": "100%",
            },
            Object {
              "borderBottomColor": "#c4c4c4",
            },
          ],
          Array [
            Object {
              "height": 60,
              "width": "100%",
            },
            Object {},
          ],
        ]
      }
      value="One"
    />
  </View>
  <RNCAndroidDialogPicker
    items={
      Array [
        Object {
          "color": null,
          "enabled": true,
          "label": "One",
          "style": Object {
            "backgroundColor": null,
            "color": null,
          },
        },
        Object {
          "color": null,
          "enabled": true,
          "label": "Two",
          "style": Object {
            "backgroundColor": null,
            "color": null,
          },
        },
      ]
    }
    onSelect={[Function]}
    selected={0}
    style={
      Object {
        "height": 2000,
        "position": "absolute",
        "top": 0,
        "width": 2000,
      }
    }
  />
</View>
`;
