// Jest Snapshot v1, https://goo.gl/fbAQLP

exports[`Snapshot test for the "UISlider" component renders correctly 1`] = `
<RNCSlider
  disabled={false}
  inverted={false}
  lowerLimit={-9007199254740991}
  maximumValue={100}
  minimumTrackTintColor="#84bff1"
  minimumValue={1}
  onChange={null}
  onRNCSliderAccessibilityAction={null}
  onRNCSliderSlidingComplete={null}
  onRNCSliderSlidingStart={null}
  onRNCSliderValueChange={null}
  onResponderTerminationRequest={[Function]}
  onStartShouldSetResponder={[Function]}
  step={1}
  style={
    [
      [
        {
          "height": 80,
        },
        undefined,
      ],
      {},
    ]
  }
  tapToSeek={false}
  thumbTintColor="#7239f2"
  upperLimit={9007199254740991}
  value={35}
/>
`;
