// Jest Snapshot v1, https://goo.gl/fbAQLP

exports[`Snapshot test for the "UITextArea" component renders correctly 1`] = `
<TextInput
  multiline={true}
  style={
    Array [
      Object {
        "backgroundColor": "#ffffff",
        "borderRadius": 6,
        "flex": 1,
        "marginBottom": 8,
        "marginTop": 8,
        "minHeight": 64,
        "paddingBottom": 20,
        "paddingLeft": 20,
        "paddingRight": 20,
        "paddingTop": 20,
        "textAlignVertical": "top",
      },
      Object {
        "minHeight": 256,
      },
      undefined,
    ]
  }
  value="Some text here"
/>
`;
