// Jest Snapshot v1, https://goo.gl/fbAQLP

exports[`Snapshot test for the "UIText" component renders correctly 1`] = `
<Text
  style={
    Array [
      Object {
        "color": "#000000",
        "fontSize": 14,
        "fontWeight": "200",
      },
      Object {
        "marginBottom": 8,
        "marginTop": 8,
        "paddingBottom": 6,
        "paddingTop": 6,
      },
      undefined,
      undefined,
      undefined,
    ]
  }
>
  Some text here
</Text>
`;
